


ARM Macro Assembler    Page 1 


    1 00000000                 AREA             RESET,DATA,READONLY
    2 00000000                 EXPORT           __Vectors
    3 00000000         __Vectors
    4 00000000 10000000        DCD              0x10000000
    5 00000004 00000000        DCD              Reset_Handler
    6 00000008                 ALIGN
    7 00000008                 AREA             mycode, CODE, READONLY
    8 00000000                 ENTRY
    9 00000000                 EXPORT           Reset_Handler
   10 00000000         Reset_Handler
   11 00000000 480B            LDR              R0,=SRC
   12 00000002 490C            LDR              R1,=SRC+0X4
   13 00000004 4A0C            LDR              R2,=DST
   14 00000006 6803            LDR              R3,[R0]
   15 00000008 680C            LDR              R4,[R1]
   16 0000000A 18ED    LAB     ADDS             R5,R5,R3
   17 0000000C F146 0600       ADC              R6,#0
   18 00000010 F1A4 0401       SUB              R4,#0X1
   19 00000014 F1A4 0400       SUB              R4,#0
   20 00000018 F094 0F00       TEQ              R4,#0
   21 0000001C D1F5            BNE              LAB
   22 0000001E F842 5B04       STR              R5,[R2],#0X4
   23 00000022 6016            STR              R6,[R2]
   24 00000024 E7FE    STOP    B                STOP
   25 00000026 00 00 00000004 
              00000004 SRC     DCD              0X4,0X4
   26 00000030 00000000 
              00000004 
              00000000         AREA             mydata,DATA, READWRITE
   27 00000000 00000000 
                       DST     DCD              0
   28 00000004                 END
Command Line: --debug --xref --cpu=Cortex-M3 --apcs=interwork --depend=Q4.d -oQ
4.o -IC:\Keil\ARM\RV31\INC -IC:\Keil\ARM\CMSIS\Include -IC:\Keil\ARM\Inc\NXP\LP
C17xx --predefine="__EVAL SETA 1" --list=Q4.lst Q4.s



ARM Macro Assembler    Page 1 Alphabetic symbol ordering
Relocatable symbols

RESET 00000000

Symbol: RESET
   Definitions
      At line 1 in file Q4.s
   Uses
      None
Comment: RESET unused
__Vectors 00000000

Symbol: __Vectors
   Definitions
      At line 3 in file Q4.s
   Uses
      At line 2 in file Q4.s
Comment: __Vectors used once
2 symbols



ARM Macro Assembler    Page 1 Alphabetic symbol ordering
Relocatable symbols

LAB 0000000A

Symbol: LAB
   Definitions
      At line 16 in file Q4.s
   Uses
      At line 21 in file Q4.s
Comment: LAB used once
Reset_Handler 00000000

Symbol: Reset_Handler
   Definitions
      At line 10 in file Q4.s
   Uses
      At line 5 in file Q4.s
      At line 9 in file Q4.s

SRC 00000028

Symbol: SRC
   Definitions
      At line 25 in file Q4.s
   Uses
      At line 11 in file Q4.s
      At line 12 in file Q4.s

STOP 00000024

Symbol: STOP
   Definitions
      At line 24 in file Q4.s
   Uses
      At line 24 in file Q4.s
Comment: STOP used once
mycode 00000000

Symbol: mycode
   Definitions
      At line 7 in file Q4.s
   Uses
      None
Comment: mycode unused
5 symbols



ARM Macro Assembler    Page 1 Alphabetic symbol ordering
Relocatable symbols

DST 00000000

Symbol: DST
   Definitions
      At line 27 in file Q4.s
   Uses
      At line 13 in file Q4.s
Comment: DST used once
mydata 00000000

Symbol: mydata
   Definitions
      At line 26 in file Q4.s
   Uses
      None
Comment: mydata unused
2 symbols
342 symbols in table
